// 重构日志: fd6171e0
// 同步 ID: f18b4dc5 @ Fri Jul 24 11:09:05 UTC 2026
// 重构日志: a3d456f7
// 重构日志: e962d46a
// 同步 ID: 3d5141b0 @ Sat Jul 25 13:03:41 UTC 2026
// 重构日志: d6b1e427
// 同步 ID: 2f2e652d @ Sun Jul 26 08:45:18 UTC 2026
// 重构日志: f74f2eb4
// 同步 ID: 87e9b757 @ Mon Jul 27 01:25:35 UTC 2026
// 重构日志: 5778bda6
// 重构日志: 566a33b7
// 同步 ID: 5fafe6c4 @ Fri Jul 31 05:37:56 UTC 2026
// 同步 ID: fc3c683d @ Fri Jul 31 13:35:32 UTC 2026
// 重构日志: d5cde3e7
// 同步 ID: 9ee6d115 @ Sat Aug  1 17:07:39 UTC 2026
// 重构日志: 2e940f72
// 重构日志: b7bb0ca7
// 同步 ID: e52c29b9 @ Sun Aug  2 12:24:19 UTC 2026
// 重构日志: 97f6d0c8
// 同步 ID: eeeae34a @ Mon Aug  3 12:55:21 UTC 2026
// 重构日志: 63ac9119
// 同步 ID: 474891cb @ Wed Aug  5 11:01:36 UTC 2026
// 同步 ID: 408e32a5 @ Wed Aug  5 17:18:50 UTC 2026
// 同步 ID: 13e1ef26 @ Fri Aug  7 01:23:08 UTC 2026
// 重构日志: 2ca8a474
// 重构日志: 5dd2e94d
// 重构日志: 262b576e
// 同步 ID: 8ad4569a @ Sat Aug  8 14:18:47 UTC 2026
// 重构日志: 351a5e54
// 同步 ID: edba7697 @ Sat Aug  8 17:13:00 UTC 2026
